[1/30] constraints-scheduling ...
    complete         passed=9 failed=0 skipped=0 errors=0 (2.4s)
[2/30] sqlite-db-truncate ...
    complete         passed=39 failed=0 skipped=0 errors=0 (7.6s)
[3/30] vulnerable-secret ...
    complete         passed=32 failed=0 skipped=0 errors=0 (8.0s)
[4/30] bn-fit-modify ...
    complete         passed=14 failed=0 skipped=0 errors=0 (3.2s)
[5/30] cancel-async-tasks ...
    complete         passed=15 failed=0 skipped=0 errors=0 (226.2s)
[6/30] chess-best-move ...
    complete         passed=16 failed=0 skipped=0 errors=0 (3.9s)
[7/30] code-from-image ...
    complete         passed=20 failed=0 skipped=0 errors=0 (7.0s)
[8/30] count-dataset-tokens ...
    complete         passed=22 failed=0 skipped=0 errors=0 (16.4s)
[9/30] crack-7z-hash ...
    complete         passed=23 failed=0 skipped=0 errors=0 (11.7s)
[10/30] db-wal-recovery ...
    complete         passed=31 failed=0 skipped=0 errors=0 (10.3s)
[11/30] distribution-search ...
    complete         passed=30 failed=0 skipped=0 errors=0 (16.4s)
[12/30] dna-assembly ...
    complete         passed=35 failed=0 skipped=0 errors=0 (18.5s)
[13/30] dna-insert ...
    complete         passed=33 failed=0 skipped=0 errors=0 (26.9s)
[14/30] extract-moves-from-video ...
    complete         passed=37 failed=0 skipped=0 errors=0 (67.2s)
[15/30] feal-linear-cryptanalysis ...
    complete         passed=26 failed=0 skipped=0 errors=0 (10.8s)
[16/30] financial-document-processor ...
    complete         passed=43 failed=0 skipped=0 errors=0 (11.2s)
[17/30] fix-git ...
    complete         passed=27 failed=0 skipped=0 errors=0 (9.5s)
[18/30] gcode-to-text ...
    complete         passed=25 failed=0 skipped=0 errors=0 (9.1s)
[19/30] git-leak-recovery ...
    complete         passed=19 failed=0 skipped=0 errors=0 (8.1s)
[20/30] gpt2-codegolf ...
    complete         passed=18 failed=0 skipped=0 errors=0 (34.1s)
[21/30] headless-terminal ...
    complete         passed=23 failed=0 skipped=0 errors=0 (202.7s)
[22/30] hf-model-inference ...
    complete         passed=35 failed=0 skipped=0 errors=0 (128.3s)
[23/30] kv-store-grpc ...
    complete         passed=34 failed=0 skipped=0 errors=0 (59.1s)
[24/30] log-summary-date-ranges ...
    complete         passed=30 failed=0 skipped=0 errors=0 (14.9s)
[25/30] raman-fitting ...
    failing          passed=39 failed=1 skipped=0 errors=0 (137.2s)
[26/30] protein-assembly ...
    complete         passed=37 failed=0 skipped=0 errors=0 (99.3s)
[27/30] write-compressor ...
    complete         passed=30 failed=0 skipped=0 errors=0 (22.1s)
[28/30] mteb-leaderboard ...
    complete         passed=31 failed=0 skipped=0 errors=0 (43.4s)
[29/30] mteb-retrieve ...
    complete         passed=31 failed=0 skipped=0 errors=0 (100.1s)
[30/30] rstan-to-pystan ...
    complete         passed=45 failed=0 skipped=0 errors=0 (20.2s)

=== summary ===
   29  complete
    1  failing

wrote runs/campaign/qualification/terminal-bench/terminal-bench-qualification.json
EXIT 1
