[1/30] cattrs-partial-structuring-recovery ...
    complete         passed=5 failed=0 skipped=0 errors=0 (34.6s)
[2/30] fd-deterministic-multi-key-sorting ...
    complete         passed=5 failed=0 skipped=0 errors=0 (185.0s)
[3/30] updo-policy-alerting ...
    complete         passed=5 failed=0 skipped=0 errors=0 (138.9s)
[4/30] go-critic-doc-link-checker ...
    complete         passed=17 failed=0 skipped=0 errors=0 (107.5s)
[5/30] bandit-structured-nosec-directives ...
    complete         passed=16 failed=0 skipped=0 errors=0 (326.7s)
[6/30] dateutil-rfc5545-timezone-interop ...
    complete         passed=17 failed=0 skipped=0 errors=0 (270.8s)
[7/30] ink-grid-box-layout ...
    complete         passed=24 failed=0 skipped=0 errors=0 (341.0s)
[8/30] narwhals-rolling-window-suite ...
    complete         passed=13 failed=0 skipped=0 errors=0 (285.5s)
[9/30] task-task-graph-export ...
    complete         passed=16 failed=0 skipped=0 errors=0 (301.1s)
[10/30] prometheus-typed-label-sorting ...
    complete         passed=17 failed=0 skipped=0 errors=0 (292.3s)
[11/30] termenv-preserve-ansi-resets ...
    complete         passed=17 failed=0 skipped=0 errors=0 (350.1s)
[12/30] pest-character-class-coalescing ...
    complete         passed=17 failed=0 skipped=0 errors=0 (111.0s)
[13/30] etree-xml-diff-patch ...
    complete         passed=17 failed=0 skipped=0 errors=0 (27.1s)
[14/30] meriyah-explicit-resource-declarations ...
    complete         passed=24 failed=0 skipped=0 errors=0 (1752.2s)
[15/30] happy-dom-deterministic-intersectionobserver ...
    complete         passed=27 failed=0 skipped=0 errors=0 (979.2s)
[16/30] tengo-destructuring-bindings ...
    complete         passed=16 failed=0 skipped=0 errors=0 (22.2s)
[17/30] returns-validated-error-accumulation ...
    complete         passed=15 failed=0 skipped=0 errors=0 (508.0s)
[18/30] mashumaro-flattened-dataclass-fields ...
    complete         passed=13 failed=0 skipped=0 errors=0 (118.2s)
[19/30] ts-pattern-match-each ...
    complete         passed=29 failed=0 skipped=0 errors=0 (924.6s)
[20/30] python-statemachine-state-data-scoping ...
    complete         passed=14 failed=0 skipped=0 errors=0 (380.5s)
[21/30] true-myth-iterable-collection-combinators ...
    complete         passed=31 failed=0 skipped=0 errors=0 (982.6s)
[22/30] helm-unified-manifest-stream ...
    complete         passed=16 failed=0 skipped=0 errors=0 (477.1s)
[23/30] skrub-duration-encoding ...
    complete         passed=13 failed=0 skipped=0 errors=0 (945.1s)
[24/30] sqlfmt-create-table-ddl-formatting ...
    complete         passed=14 failed=0 skipped=0 errors=0 (510.5s)
[25/30] anko-default-function-arguments ...
    complete         passed=19 failed=0 skipped=0 errors=0 (22.9s)
[26/30] csstree-shorthand-expansion-compression ...
    complete         passed=23 failed=0 skipped=0 errors=0 (56.0s)
[27/30] tengo-callable-instance-isolation ...
    complete         passed=16 failed=0 skipped=0 errors=0 (58.7s)
[28/30] tomlkit-toml-table-converters ...
    complete         passed=14 failed=0 skipped=0 errors=0 (487.2s)
[29/30] obsidian-linter-scoped-ignore-markers ...
    complete         passed=23 failed=0 skipped=0 errors=0 (90.3s)
[30/30] helm-array-merge-strategies ...
    complete         passed=21 failed=0 skipped=0 errors=0 (265.7s)

=== summary ===
   30  complete

wrote runs/campaign/qualification/deep-swe/deep-swe-qualification.json
EXIT 0
